nohup: ignoring input
=== phase1[subbatch] census (db=census, kind=mcv, levels=[10, 25, 50], cands/batch=55) ===
queries=468  total_candidates=30856  sub-batches=853  out=results/phase1_census_mcv_low.json
  [query.20] done 20/468 (405s, 20.3s/q, 20 total)
  [checkpoint] wrote results/phase1_census_mcv_low.json (20 queries)
  [query.40] done 40/468 (625s, 15.6s/q, 40 total)
  [checkpoint] wrote results/phase1_census_mcv_low.json (40 queries)
  [query.60] done 60/468 (1116s, 18.6s/q, 60 total)
  [checkpoint] wrote results/phase1_census_mcv_low.json (60 queries)
  [query.80] done 80/468 (1453s, 18.2s/q, 80 total)
  [checkpoint] wrote results/phase1_census_mcv_low.json (80 queries)
  [query.100] done 100/468 (1742s, 17.4s/q, 100 total)
  [checkpoint] wrote results/phase1_census_mcv_low.json (100 queries)
  [query.120] done 120/468 (2300s, 19.2s/q, 120 total)
  [checkpoint] wrote results/phase1_census_mcv_low.json (120 queries)
  [query.140] done 140/468 (2641s, 18.9s/q, 140 total)
  [checkpoint] wrote results/phase1_census_mcv_low.json (140 queries)
  [query.160] done 160/468 (3105s, 19.4s/q, 160 total)
  [checkpoint] wrote results/phase1_census_mcv_low.json (160 queries)
  [query.180] done 180/468 (3599s, 20.0s/q, 180 total)
  [checkpoint] wrote results/phase1_census_mcv_low.json (180 queries)
  [query.200] done 200/468 (4677s, 23.4s/q, 200 total)
  [checkpoint] wrote results/phase1_census_mcv_low.json (200 queries)
  [query.220] done 220/468 (5278s, 24.0s/q, 220 total)
  [checkpoint] wrote results/phase1_census_mcv_low.json (220 queries)
  [query.240] done 240/468 (5852s, 24.4s/q, 240 total)
  [checkpoint] wrote results/phase1_census_mcv_low.json (240 queries)
  [query.260] done 260/468 (6206s, 23.9s/q, 260 total)
  [checkpoint] wrote results/phase1_census_mcv_low.json (260 queries)
  [query.280] done 280/468 (6673s, 23.8s/q, 280 total)
  [checkpoint] wrote results/phase1_census_mcv_low.json (280 queries)
  [query.300] done 300/468 (7060s, 23.5s/q, 300 total)
  [checkpoint] wrote results/phase1_census_mcv_low.json (300 queries)
  [query.320] done 320/468 (7420s, 23.2s/q, 320 total)
  [checkpoint] wrote results/phase1_census_mcv_low.json (320 queries)
  [query.340] done 340/468 (8428s, 24.8s/q, 340 total)
  [checkpoint] wrote results/phase1_census_mcv_low.json (340 queries)
  [query.360] done 360/468 (10157s, 28.2s/q, 360 total)
  [checkpoint] wrote results/phase1_census_mcv_low.json (360 queries)
  [query.380] done 380/468 (11544s, 30.4s/q, 380 total)
  [checkpoint] wrote results/phase1_census_mcv_low.json (380 queries)
  [query.400] done 400/468 (13181s, 33.0s/q, 400 total)
  [checkpoint] wrote results/phase1_census_mcv_low.json (400 queries)
  [query.420] done 420/468 (13840s, 33.0s/q, 420 total)
  [checkpoint] wrote results/phase1_census_mcv_low.json (420 queries)
  [query.440] done 440/468 (15013s, 34.1s/q, 440 total)
  [checkpoint] wrote results/phase1_census_mcv_low.json (440 queries)
  [query.460] done 460/468 (16030s, 34.8s/q, 460 total)
  [checkpoint] wrote results/phase1_census_mcv_low.json (460 queries)
  [query.468] done 468/468 (16646s, 35.6s/q, 468 total)
reported 468/468; wrote results/phase1_census_mcv_low.json
