nohup: ignoring input
=== phase1[subbatch] census (db=census, kind=mcv, levels=[10, 25, 50], single_col_target=10000, cands/batch=55) ===
queries=468  total_candidates=30856  sub-batches=853  out=results/phase1_census_mcv_low_t10000.json
  [query.20] done 20/468 (3104s, 155.2s/q, 20 total)
  [checkpoint] wrote results/phase1_census_mcv_low_t10000.json (20 queries)
  [query.40] done 40/468 (5439s, 136.0s/q, 40 total)
  [checkpoint] wrote results/phase1_census_mcv_low_t10000.json (40 queries)
  [query.60] done 60/468 (8966s, 149.4s/q, 60 total)
  [checkpoint] wrote results/phase1_census_mcv_low_t10000.json (60 queries)
  [query.80] done 80/468 (12156s, 152.0s/q, 80 total)
  [checkpoint] wrote results/phase1_census_mcv_low_t10000.json (80 queries)
  [query.100] done 100/468 (14935s, 149.3s/q, 100 total)
  [checkpoint] wrote results/phase1_census_mcv_low_t10000.json (100 queries)
  [query.120] done 120/468 (18747s, 156.2s/q, 120 total)
  [checkpoint] wrote results/phase1_census_mcv_low_t10000.json (120 queries)
  [query.140] done 140/468 (21656s, 154.7s/q, 140 total)
  [checkpoint] wrote results/phase1_census_mcv_low_t10000.json (140 queries)
  [query.160] done 160/468 (25137s, 157.1s/q, 160 total)
  [checkpoint] wrote results/phase1_census_mcv_low_t10000.json (160 queries)
  [query.180] done 180/468 (27728s, 154.0s/q, 180 total)
  [checkpoint] wrote results/phase1_census_mcv_low_t10000.json (180 queries)
  [query.200] done 200/468 (30615s, 153.1s/q, 200 total)
  [checkpoint] wrote results/phase1_census_mcv_low_t10000.json (200 queries)
  [query.220] done 220/468 (32783s, 149.0s/q, 220 total)
  [checkpoint] wrote results/phase1_census_mcv_low_t10000.json (220 queries)
  [query.240] done 240/468 (34789s, 145.0s/q, 240 total)
  [checkpoint] wrote results/phase1_census_mcv_low_t10000.json (240 queries)
  [query.260] done 260/468 (37530s, 144.3s/q, 260 total)
  [checkpoint] wrote results/phase1_census_mcv_low_t10000.json (260 queries)
  [query.280] done 280/468 (40814s, 145.8s/q, 280 total)
  [checkpoint] wrote results/phase1_census_mcv_low_t10000.json (280 queries)
  [query.300] done 300/468 (43824s, 146.1s/q, 300 total)
  [checkpoint] wrote results/phase1_census_mcv_low_t10000.json (300 queries)
  [query.320] done 320/468 (46506s, 145.3s/q, 320 total)
  [checkpoint] wrote results/phase1_census_mcv_low_t10000.json (320 queries)
  [query.340] done 340/468 (50259s, 147.8s/q, 340 total)
  [checkpoint] wrote results/phase1_census_mcv_low_t10000.json (340 queries)
