nohup: ignoring input
[resume] loaded 140 done queries from results/phase1_census_mcv_multi.json ; skipping them
=== phase1[subbatch] census (db=census, kind=mcv, levels=[100, 1000, 10000], cands/batch=55) ===
queries=468  total_candidates=30856  sub-batches=853  out=results/phase1_census_mcv_multi.json
  [skip] query.1
  [skip] query.2
  [skip] query.3
  [skip] query.4
  [skip] query.5
  [skip] query.6
  [skip] query.7
  [skip] query.8
  [skip] query.9
  [skip] query.10
  [skip] query.11
  [skip] query.12
  [skip] query.13
  [skip] query.14
  [skip] query.15
  [skip] query.16
  [skip] query.17
  [skip] query.18
  [skip] query.19
  [skip] query.20
  [skip] query.21
  [skip] query.22
  [skip] query.23
  [skip] query.24
  [skip] query.25
  [skip] query.26
  [skip] query.27
  [skip] query.28
  [skip] query.29
  [skip] query.30
  [skip] query.31
  [skip] query.32
  [skip] query.33
  [skip] query.34
  [skip] query.35
  [skip] query.36
  [skip] query.37
  [skip] query.38
  [skip] query.39
  [skip] query.40
  [skip] query.41
  [skip] query.42
  [skip] query.43
  [skip] query.44
  [skip] query.45
  [skip] query.46
  [skip] query.47
  [skip] query.48
  [skip] query.49
  [skip] query.50
  [skip] query.51
  [skip] query.52
  [skip] query.53
  [skip] query.54
  [skip] query.55
  [skip] query.56
  [skip] query.57
  [skip] query.58
  [skip] query.59
  [skip] query.60
  [skip] query.61
  [skip] query.62
  [skip] query.63
  [skip] query.64
  [skip] query.65
  [skip] query.66
  [skip] query.67
  [skip] query.68
  [skip] query.69
  [skip] query.70
  [skip] query.71
  [skip] query.72
  [skip] query.73
  [skip] query.74
  [skip] query.75
  [skip] query.76
  [skip] query.77
  [skip] query.78
  [skip] query.79
  [skip] query.80
  [skip] query.81
  [skip] query.82
  [skip] query.83
  [skip] query.84
  [skip] query.85
  [skip] query.86
  [skip] query.87
  [skip] query.88
  [skip] query.89
  [skip] query.90
  [skip] query.91
  [skip] query.92
  [skip] query.93
  [skip] query.94
  [skip] query.95
  [skip] query.96
  [skip] query.97
  [skip] query.98
  [skip] query.99
  [skip] query.100
  [skip] query.101
  [skip] query.102
  [skip] query.103
  [skip] query.104
  [skip] query.105
  [skip] query.106
  [skip] query.107
  [skip] query.108
  [skip] query.109
  [skip] query.110
  [skip] query.111
  [skip] query.112
  [skip] query.113
  [skip] query.114
  [skip] query.115
  [skip] query.116
  [skip] query.117
  [skip] query.118
  [skip] query.119
  [skip] query.120
  [skip] query.121
  [skip] query.122
  [skip] query.123
  [skip] query.124
  [skip] query.125
  [skip] query.126
  [skip] query.127
  [skip] query.128
  [skip] query.129
  [skip] query.130
  [skip] query.131
  [skip] query.132
  [skip] query.133
  [skip] query.134
  [skip] query.135
  [skip] query.136
  [skip] query.137
  [skip] query.138
  [skip] query.139
  [skip] query.140
  [query.160] done 20/328 (3699s, 184.9s/q, 160 total)
  [checkpoint] wrote results/phase1_census_mcv_multi.json (160 queries)
  [query.180] done 40/328 (6491s, 162.3s/q, 180 total)
  [checkpoint] wrote results/phase1_census_mcv_multi.json (180 queries)
  [query.200] done 60/328 (9660s, 161.0s/q, 200 total)
  [checkpoint] wrote results/phase1_census_mcv_multi.json (200 queries)
  [query.220] done 80/328 (11994s, 149.9s/q, 220 total)
  [checkpoint] wrote results/phase1_census_mcv_multi.json (220 queries)
  [query.240] done 100/328 (14153s, 141.5s/q, 240 total)
  [checkpoint] wrote results/phase1_census_mcv_multi.json (240 queries)
  [query.260] done 120/328 (17129s, 142.7s/q, 260 total)
  [checkpoint] wrote results/phase1_census_mcv_multi.json (260 queries)
  [query.280] done 140/328 (20759s, 148.3s/q, 280 total)
  [checkpoint] wrote results/phase1_census_mcv_multi.json (280 queries)
  [query.300] done 160/328 (24275s, 151.7s/q, 300 total)
  [checkpoint] wrote results/phase1_census_mcv_multi.json (300 queries)
  [query.320] done 180/328 (27242s, 151.3s/q, 320 total)
  [checkpoint] wrote results/phase1_census_mcv_multi.json (320 queries)
  [query.340] done 200/328 (31297s, 156.5s/q, 340 total)
  [checkpoint] wrote results/phase1_census_mcv_multi.json (340 queries)
  [query.360] done 220/328 (36029s, 163.8s/q, 360 total)
  [checkpoint] wrote results/phase1_census_mcv_multi.json (360 queries)
  [query.380] done 240/328 (39781s, 165.8s/q, 380 total)
  [checkpoint] wrote results/phase1_census_mcv_multi.json (380 queries)
  [query.400] done 260/328 (43218s, 166.2s/q, 400 total)
  [checkpoint] wrote results/phase1_census_mcv_multi.json (400 queries)
  [query.420] done 280/328 (45624s, 162.9s/q, 420 total)
  [checkpoint] wrote results/phase1_census_mcv_multi.json (420 queries)
  [query.440] done 300/328 (48970s, 163.2s/q, 440 total)
  [checkpoint] wrote results/phase1_census_mcv_multi.json (440 queries)
  [query.460] done 320/328 (52211s, 163.2s/q, 460 total)
  [checkpoint] wrote results/phase1_census_mcv_multi.json (460 queries)
  [query.468] done 328/328 (53857s, 164.2s/q, 468 total)
reported 328/468; wrote results/phase1_census_mcv_multi.json
