nohup: ignoring input
=== phase1[subbatch] stats_ceb_single (db=stats, kind=mcv, levels=[10, 25, 50, 100, 1000, 10000], cands/batch=55) ===
queries=632  total_candidates=616  sub-batches=180  out=results/phase1_ceb_single_mask_6level.json
  [st.20] done 20/632 (3s, 0.1s/q, 20 total)
  [st.40] done 40/632 (26s, 0.6s/q, 40 total)
  [st.60] done 60/632 (29s, 0.5s/q, 60 total)
  [st.80] done 80/632 (32s, 0.4s/q, 80 total)
  [st.100] done 100/632 (43s, 0.4s/q, 100 total)
  [checkpoint] wrote results/phase1_ceb_single_mask_6level.json (100 queries)
  [st.120] done 120/632 (62s, 0.5s/q, 120 total)
  [st.140] done 140/632 (89s, 0.6s/q, 140 total)
  [st.160] done 160/632 (276s, 1.7s/q, 160 total)
  [st.180] done 180/632 (291s, 1.6s/q, 180 total)
  [st.200] done 200/632 (347s, 1.7s/q, 200 total)
  [checkpoint] wrote results/phase1_ceb_single_mask_6level.json (200 queries)
  [st.220] done 220/632 (354s, 1.6s/q, 220 total)
  [st.240] done 240/632 (384s, 1.6s/q, 240 total)
  [st.260] done 260/632 (392s, 1.5s/q, 260 total)
  [st.280] done 280/632 (401s, 1.4s/q, 280 total)
  [st.300] done 300/632 (452s, 1.5s/q, 300 total)
  [checkpoint] wrote results/phase1_ceb_single_mask_6level.json (300 queries)
  [st.320] done 320/632 (526s, 1.6s/q, 320 total)
  [st.340] done 340/632 (538s, 1.6s/q, 340 total)
  [st.360] done 360/632 (571s, 1.6s/q, 360 total)
  [st.380] done 380/632 (577s, 1.5s/q, 380 total)
  [st.400] done 400/632 (631s, 1.6s/q, 400 total)
  [checkpoint] wrote results/phase1_ceb_single_mask_6level.json (400 queries)
  [st.420] done 420/632 (639s, 1.5s/q, 420 total)
  [st.440] done 440/632 (698s, 1.6s/q, 440 total)
  [st.460] done 460/632 (699s, 1.5s/q, 460 total)
  [st.480] done 480/632 (714s, 1.5s/q, 480 total)
  [st.500] done 500/632 (732s, 1.5s/q, 500 total)
  [checkpoint] wrote results/phase1_ceb_single_mask_6level.json (500 queries)
  [st.520] done 520/632 (737s, 1.4s/q, 520 total)
  [st.540] done 540/632 (760s, 1.4s/q, 540 total)
  [st.560] done 560/632 (774s, 1.4s/q, 560 total)
  [st.580] done 580/632 (865s, 1.5s/q, 580 total)
  [st.600] done 600/632 (880s, 1.5s/q, 600 total)
  [checkpoint] wrote results/phase1_ceb_single_mask_6level.json (600 queries)
  [st.620] done 620/632 (886s, 1.4s/q, 620 total)
  [st.632] done 632/632 (893s, 1.4s/q, 632 total)
reported 632/632; wrote results/phase1_ceb_single_mask_6level.json
